#
# There is insufficient memory for the Java Runtime Environment to continue.
# Native memory allocation (mmap) failed to map 536870912 bytes for Failed to commit area from 0x0000000601600000 to 0x0000000621600000 of length 536870912.
# Possible reasons:
#   The system is out of physical RAM or swap space
#   The process is running with CompressedOops enabled, and the Java Heap may be blocking the growth of the native heap
# Possible solutions:
#   Reduce memory load on the system
#   Increase physical memory or swap space
#   Check if swap backing store is full
#   Decrease Java heap size (-Xmx/-Xms)
#   Decrease number of Java threads
#   Decrease Java thread stack sizes (-Xss)
#   Set larger code cache with -XX:ReservedCodeCacheSize=
# This output file may be truncated or incomplete.
#
#  Out of Memory Error (./src/hotspot/os/windows/os_windows.cpp:3387), pid=9876, tid=8064
#
# JRE version:  (11.0.14.1+1) (build )
# Java VM: OpenJDK 64-Bit Server VM (11.0.14.1+1, mixed mode, sharing, tiered, compressed oops, g1 gc, windows-amd64)
# No core dump will be written. Minidumps are not enabled by default on client versions of Windows
#

---------------  S U M M A R Y ------------

Command Line: -Dfile.encoding=UTF-8 

Host: AMD Ryzen 5 5600 6-Core Processor              , 12 cores, 31G,  Windows 10 , 64 bit Build 19041 (10.0.19041.5198)
Time: Tue Feb  4 20:43:42 2025 SE Asia Standard Time elapsed time: 0.008527 seconds (0d 0h 0m 0s)

---------------  T H R E A D  ---------------

Current thread (0x000001e24afe2800):  JavaThread "Unknown thread" [_thread_in_vm, id=8064, stack(0x0000002654b00000,0x0000002654c00000)]

Stack: [0x0000002654b00000,0x0000002654c00000]
Native frames: (J=compiled Java code, j=interpreted, Vv=VM code, C=native code)
V  [jvm.dll+0x61e59a]
V  [jvm.dll+0x7aaca9]
V  [jvm.dll+0x7ac398]
V  [jvm.dll+0x7aca73]
V  [jvm.dll+0x24f9b8]
V  [jvm.dll+0x61b83a]
V  [jvm.dll+0x6100c5]
V  [jvm.dll+0x30772c]
V  [jvm.dll+0x3075b2]
V  [jvm.dll+0x30c2d6]
V  [jvm.dll+0x35272f]
V  [jvm.dll+0x352160]
V  [jvm.dll+0x2e4728]
V  [jvm.dll+0x2e5886]
V  [jvm.dll+0x784b07]
V  [jvm.dll+0x78628f]
V  [jvm.dll+0x35f479]
V  [jvm.dll+0x767aa0]
V  [jvm.dll+0x3ccf1f]
V  [jvm.dll+0x3cf2b1]
C  [jli.dll+0x5207]
C  [ucrtbase.dll+0x21bb2]
C  [KERNEL32.DLL+0x17374]
C  [ntdll.dll+0x4cc91]


---------------  P R O C E S S  ---------------

Threads class SMR info:
_java_thread_list=0x000001e248ea3b70, length=0, elements={
}

Java Threads: ( => current thread )

Other Threads:
  0x000001e24affa000 GCTaskThread "GC Thread#0" [stack: 0x0000002654c00000,0x0000002654d00000] [id=3256]
  0x000001e24b07d000 ConcurrentGCThread "G1 Main Marker" [stack: 0x0000002654d00000,0x0000002654e00000] [id=12324]
  0x000001e24b07e800 ConcurrentGCThread "G1 Conc#0" [stack: 0x0000002654e00000,0x0000002654f00000] [id=17444]

[error occurred during error reporting (printing all threads), id 0xc0000005, EXCEPTION_ACCESS_VIOLATION (0xc0000005) at pc=0x00007ffededc3ef7]

VM state:not at safepoint (not fully initialized)

VM Mutex/Monitor currently owned by a thread:  ([mutex/lock_event])
[0x000001e24afdf790] Heap_lock - owner thread: 0x000001e24afe2800

Heap address: 0x0000000601600000, size: 8170 MB, Compressed Oops mode: Non-zero based: 0x0000000601600000
Narrow klass base: 0x0000000000000000, Narrow klass shift: 0

GC Heap History (0 events):
No events

Deoptimization events (0 events):
No events

Classes redefined (0 events):
No events

Internal exceptions (0 events):
No events

Events (1 events):
Event: 0.004 Loaded shared library D:\Unity\2022.3.14f1\Editor\Data\PlaybackEngines\AndroidPlayer\OpenJDK\bin\zip.dll


Dynamic libraries:
0x00007ff7d05d0000 - 0x00007ff7d05dd000 	D:\Unity\2022.3.14f1\Editor\Data\PlaybackEngines\AndroidPlayer\OpenJDK\bin\java.exe
0x00007fffb9830000 - 0x00007fffb9a28000 	C:\Windows\SYSTEM32\ntdll.dll
0x00007fffb7a20000 - 0x00007fffb7ae2000 	C:\Windows\System32\KERNEL32.DLL
0x00007fffb70e0000 - 0x00007fffb73df000 	C:\Windows\System32\KERNELBASE.dll
0x00007fffb7560000 - 0x00007fffb7660000 	C:\Windows\System32\ucrtbase.dll
0x00007fff91e30000 - 0x00007fff91e47000 	D:\Unity\2022.3.14f1\Editor\Data\PlaybackEngines\AndroidPlayer\OpenJDK\bin\jli.dll
0x00007fff91e10000 - 0x00007fff91e25000 	D:\Unity\2022.3.14f1\Editor\Data\PlaybackEngines\AndroidPlayer\OpenJDK\bin\VCRUNTIME140.dll
0x00007fffb94c0000 - 0x00007fffb965d000 	C:\Windows\System32\USER32.dll
0x00007fff9ba80000 - 0x00007fff9bd1a000 	C:\Windows\WinSxS\amd64_microsoft.windows.common-controls_6595b64144ccf1df_6.0.19041.4355_none_60b8b9eb71f62e16\COMCTL32.dll
0x00007fffb6ec0000 - 0x00007fffb6ee2000 	C:\Windows\System32\win32u.dll
0x00007fffb8b10000 - 0x00007fffb8b3b000 	C:\Windows\System32\GDI32.dll
0x00007fffb7c90000 - 0x00007fffb7d2e000 	C:\Windows\System32\msvcrt.dll
0x00007fffb7660000 - 0x00007fffb7777000 	C:\Windows\System32\gdi32full.dll
0x00007fffb74c0000 - 0x00007fffb755d000 	C:\Windows\System32\msvcp_win.dll
0x00007fffb7840000 - 0x00007fffb786f000 	C:\Windows\System32\IMM32.DLL
0x00007ffefc090000 - 0x00007ffefc12b000 	D:\Unity\2022.3.14f1\Editor\Data\PlaybackEngines\AndroidPlayer\OpenJDK\bin\msvcp140.dll
0x00007ffedead0000 - 0x00007ffedf651000 	D:\Unity\2022.3.14f1\Editor\Data\PlaybackEngines\AndroidPlayer\OpenJDK\bin\server\jvm.dll
0x00007fffb7bc0000 - 0x00007fffb7c71000 	C:\Windows\System32\ADVAPI32.dll
0x00007fffb8a70000 - 0x00007fffb8b0f000 	C:\Windows\System32\sechost.dll
0x00007fffb96c0000 - 0x00007fffb97e3000 	C:\Windows\System32\RPCRT4.dll
0x00007fffb7490000 - 0x00007fffb74b7000 	C:\Windows\System32\bcrypt.dll
0x00007fffb8030000 - 0x00007fffb8038000 	C:\Windows\System32\PSAPI.DLL
0x00007fff83c70000 - 0x00007fff83c79000 	C:\Windows\SYSTEM32\WSOCK32.dll
0x00007fffafe40000 - 0x00007fffafe67000 	C:\Windows\SYSTEM32\WINMM.dll
0x00007fffb88e0000 - 0x00007fffb894b000 	C:\Windows\System32\WS2_32.dll
0x00007fffa5090000 - 0x00007fffa509a000 	C:\Windows\SYSTEM32\VERSION.dll
0x00007fffb4c80000 - 0x00007fffb4c92000 	C:\Windows\SYSTEM32\kernel.appcore.dll
0x00007fff91e00000 - 0x00007fff91e10000 	D:\Unity\2022.3.14f1\Editor\Data\PlaybackEngines\AndroidPlayer\OpenJDK\bin\verify.dll
0x00007fffb0840000 - 0x00007fffb0a24000 	C:\Windows\SYSTEM32\DBGHELP.DLL
0x00007fff94200000 - 0x00007fff94234000 	C:\Windows\SYSTEM32\dbgcore.DLL
0x00007fffb6ef0000 - 0x00007fffb6f72000 	C:\Windows\System32\bcryptPrimitives.dll
0x00007fff5e8c0000 - 0x00007fff5e8e8000 	D:\Unity\2022.3.14f1\Editor\Data\PlaybackEngines\AndroidPlayer\OpenJDK\bin\java.dll
0x00007fff91990000 - 0x00007fff9199a000 	D:\Unity\2022.3.14f1\Editor\Data\PlaybackEngines\AndroidPlayer\OpenJDK\bin\jimage.dll
0x00007fff65350000 - 0x00007fff65368000 	D:\Unity\2022.3.14f1\Editor\Data\PlaybackEngines\AndroidPlayer\OpenJDK\bin\zip.dll

dbghelp: loaded successfully - version: 4.0.5 - missing functions: none
symbol engine: initialized successfully - sym options: 0x614 - pdb path: .;D:\Unity\2022.3.14f1\Editor\Data\PlaybackEngines\AndroidPlayer\OpenJDK\bin;C:\Windows\SYSTEM32;C:\Windows\WinSxS\amd64_microsoft.windows.common-controls_6595b64144ccf1df_6.0.19041.4355_none_60b8b9eb71f62e16;D:\Unity\2022.3.14f1\Editor\Data\PlaybackEngines\AndroidPlayer\OpenJDK\bin\server

VM Arguments:
jvm_args: -Dfile.encoding=UTF-8 
java_command: <unknown>
java_class_path (initial): <not set>
Launcher Type: SUN_STANDARD

[Global flags]
     intx CICompilerCount                          = 4                                         {product} {ergonomic}
     uint ConcGCThreads                            = 3                                         {product} {ergonomic}
     uint G1ConcRefinementThreads                  = 10                                        {product} {ergonomic}
   size_t G1HeapRegionSize                         = 2097152                                   {product} {ergonomic}
    uintx GCDrainStackTargetSize                   = 64                                        {product} {ergonomic}
   size_t InitialHeapSize                          = 536870912                                 {product} {ergonomic}
   size_t MarkStackSize                            = 4194304                                   {product} {ergonomic}
   size_t MaxHeapSize                              = 8566865920                                {product} {ergonomic}
   size_t MinHeapDeltaBytes                        = 2097152                                   {product} {ergonomic}
    uintx NonNMethodCodeHeapSize                   = 5836300                                {pd product} {ergonomic}
    uintx NonProfiledCodeHeapSize                  = 122910970                              {pd product} {ergonomic}
    uintx ProfiledCodeHeapSize                     = 122910970                              {pd product} {ergonomic}
    uintx ReservedCodeCacheSize                    = 251658240                              {pd product} {ergonomic}
     bool SegmentedCodeCache                       = true                                      {product} {ergonomic}
     bool UseCompressedClassPointers               = true                                 {lp64_product} {ergonomic}
     bool UseCompressedOops                        = true                                 {lp64_product} {ergonomic}
     bool UseG1GC                                  = true                                      {product} {ergonomic}
     bool UseLargePagesIndividualAllocation        = false                                  {pd product} {ergonomic}

Logging:
Log output configuration:
 #0: stdout all=warning uptime,level,tags
 #1: stderr all=off uptime,level,tags

Environment Variables:
JAVA_TOOL_OPTIONS=-Dfile.encoding=UTF-8
PATH=D:\Unity\VCS\server;D:\Unity\VCS\client;C:\Program Files (x86)\Common Files\Oracle\Java\javapath;C:\Windows\system32;C:\Windows;C:\Windows\System32\Wbem;C:\Windows\System32\WindowsPowerShell\v1.0\;C:\Windows\System32\OpenSSH\;C:\Program Files\NVIDIA Corporation\NVIDIA NvDLISR;C:\Program Files\Cloudflare\Cloudflare WARP\;C:\Program Files (x86)\NVIDIA Corporation\PhysX\Common;C:\Program Files\Microsoft SQL Server\150\Tools\Binn\;C:\Program Files\Microsoft SQL Server\Client SDK\ODBC\170\Tools\Binn\;C:\Program Files (x86)\Microsoft SQL Server\160\Tools\Binn\;C:\Program Files\Microsoft SQL Server\160\Tools\Binn\;C:\Program Files\Microsoft SQL Server\160\DTS\Binn\;C:\Program Files (x86)\Microsoft SQL Server\160\DTS\Binn\;C:\Program Files\Azure Data Studio\bin;C:\Program Files\dotnet\;C:\Program Files\Git\cmd;C:\Program Files\Git LFS;C:\Users\nicov\AppData\Local\Microsoft\WindowsApps;C:\Program Files\Azure Data Studio\bin;C:\Users\nicov\AppData\Local\GitHubDesktop\bin;C:\Users\nicov\.dotnet\tools
USERNAME=nicov
OS=Windows_NT
PROCESSOR_IDENTIFIER=AMD64 Family 25 Model 33 Stepping 2, AuthenticAMD



---------------  S Y S T E M  ---------------

OS: Windows 10 , 64 bit Build 19041 (10.0.19041.5198)
OS uptime: 0 days 4:42 hours

CPU:total 12 (initial active 12) (12 cores per cpu, 2 threads per core) family 25 model 33 stepping 2 microcode 0x0, cmov, cx8, fxsr, mmx, sse, sse2, sse3, ssse3, sse4.1, sse4.2, popcnt, avx, avx2, aes, clmul, erms, mmxext, 3dnowpref, lzcnt, sse4a, ht, tsc, tscinvbit, tscinv, bmi1, bmi2, adx, sha, fma

Memory: 4k page, system-wide physical 32677M (11111M free)
TotalPageFile size 40869M (AvailPageFile size 138M)
current process WorkingSet (physical memory assigned to process): 10M, peak: 10M
current process commit charge ("private bytes"): 65M, peak: 576M

vm_info: OpenJDK 64-Bit Server VM (11.0.14.1+1) for windows-amd64 JRE (11.0.14.1+1), built on Feb  9 2022 01:48:27 by "" with unknown MS VC++:1916

END.
